
> steam-app@1.2.1 web
> expo start --web

Starting project at /app
React Compiler enabled
Starting Metro Bundler
Waiting on http://localhost:8081
Logs for your project will appear below.
Web node_modules/expo-router/entry.js ░░░░░░░░░░░░░░░░  0.0% (0/1)
Web node_modules/expo-router/entry.js ▓▓▓▓▓░░░░░░░░░░░ 31.6% ( 26/124)
λ node_modules/expo-router/node/render.js ▓▓░░░░░░░░░░░░░░ 18.3% (121/283)
Web node_modules/expo-router/entry.js ▓▓▓▓▓▓▓▓░░░░░░░░ 50.2% (180/254)
λ node_modules/expo-router/node/render.js ▓▓▓▓▓▓░░░░░░░░░░ 39.0% (286/458)
Web node_modules/expo-router/entry.js ▓▓▓▓▓▓▓▓░░░░░░░░ 50.9% (286/401)
λ node_modules/expo-router/node/render.js ▓▓▓▓▓▓▓▓▓░░░░░░░ 61.6% (560/722)
Web node_modules/expo-router/entry.js ▓▓▓▓▓▓▓▓░░░░░░░░ 50.9% (331/481)
λ node_modules/expo-router/node/render.js ▓▓▓▓▓▓▓▓▓░░░░░░░ 61.6% (603/791)
Web node_modules/expo-router/entry.js ▓▓▓▓▓▓▓▓▓░░░░░░░ 60.4% (515/688)
λ node_modules/expo-router/node/render.js ▓▓▓▓▓▓▓▓▓▓▓▓░░░░ 75.8% (843/968)
Web node_modules/expo-router/entry.js ▓▓▓▓▓▓▓▓▓▓▓░░░░░ 71.6% (782/924)
λ node_modules/expo-router/node/render.js ▓▓▓▓▓▓▓▓▓▓▓▓▓░░░ 86.7% ( 995/1074)
Web node_modules/expo-router/entry.js ▓▓▓▓▓▓▓▓▓▓▓▓▓▓░░ 88.6% (1104/1174)
λ node_modules/expo-router/node/render.js ▓▓▓▓▓▓▓▓▓▓▓▓▓▓░░ 93.7% (1155/1199)
λ Bundled 25980ms node_modules/expo-router/node/render.js (1253 modules)
Web Bundled 27750ms node_modules/expo-router/entry.js (1303 modules)
Web node_modules/expo-router/entry.js ░░░░░░░░░░░░░░░░  0.0% (0/1)
Web node_modules/expo-router/entry.js ▓▓▓▓▓░░░░░░░░░░░ 35.8% (210/351)
Web node_modules/expo-router/entry.js ▓▓▓▓▓▓▓▓▓░░░░░░░ 57.1% (660/883)
Web node_modules/expo-router/entry.js ▓▓▓▓▓▓▓▓▓▓▓▓▓░░░ 85.6% (1101/1201)
Web Bundled 12321ms node_modules/expo-router/entry.js (1304 modules)
 LOG  [web] Logs will appear in the browser console
Web node_modules/expo-router/entry.js ░░░░░░░░░░░░░░░░  0.0% (0/1)
λ Bundled 74ms node_modules/expo-router/node/render.js (1 module)
Web Bundled 639ms node_modules/expo-router/entry.js (1 module)
Web Bundled 71ms node_modules/expo-router/entry.js (1 module)
 LOG  [web] Logs will appear in the browser console
λ Bundled 53ms node_modules/expo-router/node/render.js (1 module)
Web Bundled 508ms node_modules/expo-router/entry.js (1 module)
Web node_modules/expo-router/entry.js ░░░░░░░░░░░░░░░░  0.0% (0/1)
λ Bundled 68ms node_modules/expo-router/node/render.js (1 module)
Web Bundled 634ms node_modules/expo-router/entry.js (1 module)
Web Bundled 65ms node_modules/expo-router/entry.js (1 module)
 LOG  [web] Logs will appear in the browser console
λ Bundled 53ms node_modules/expo-router/node/render.js (1 module)
Web Bundled 526ms node_modules/expo-router/entry.js (1 module)
