Starting project at /app
React Compiler enabled
Starting Metro Bundler
Waiting on http://localhost:8081
Logs for your project will appear below.
Web node_modules/expo-router/entry.js ░░░░░░░░░░░░░░░░  0.0% (0/1)
Web node_modules/expo-router/entry.js ▓▓▓▓▓░░░░░░░░░░░ 31.6% ( 38/136)
λ node_modules/expo-router/node/render.js ▓▓░░░░░░░░░░░░░░ 18.3% (124/302)
Web node_modules/expo-router/entry.js ▓▓▓▓▓▓▓▓░░░░░░░░ 50.0% (186/263)
λ node_modules/expo-router/node/render.js ▓▓▓▓▓▓▓▓░░░░░░░░ 52.7% (344/474)
Web node_modules/expo-router/entry.js ▓▓▓▓▓▓▓▓░░░░░░░░ 50.0% (277/399)
λ node_modules/expo-router/node/render.js ▓▓▓▓▓▓▓▓▓░░░░░░░ 57.3% (476/629)
Web node_modules/expo-router/entry.js ▓▓▓▓▓▓▓▓▓░░░░░░░ 56.8% (392/520)
λ node_modules/expo-router/node/render.js ▓▓▓▓▓▓▓▓▓░░░░░░░ 61.1% (626/821)
Web node_modules/expo-router/entry.js ▓▓▓▓▓▓▓▓▓▓░░░░░░ 64.1% (626/782)
λ node_modules/expo-router/node/render.js ▓▓▓▓▓▓▓▓▓▓▓▓░░░░ 78.9% (864/973)
Web node_modules/expo-router/entry.js ▓▓▓▓▓▓▓▓▓▓▓▓░░░░ 75.1% (847/978)
λ node_modules/expo-router/node/render.js ▓▓▓▓▓▓▓▓▓▓▓▓▓░░░ 86.1% ( 976/1065)
Web node_modules/expo-router/entry.js ▓▓▓▓▓▓▓▓▓▓▓▓▓▓▓░ 95.6% (1185/1212)
λ node_modules/expo-router/node/render.js ▓▓▓▓▓▓▓▓▓▓▓▓▓▓▓░ 94.3% (1175/1215)
λ Bundled 25102ms node_modules/expo-router/node/render.js (1253 modules)
Web Bundled 26843ms node_modules/expo-router/entry.js (1303 modules)
Web node_modules/expo-router/entry.js ▓▓▓▓░░░░░░░░░░░░ 25.0% (109/237)
Web node_modules/expo-router/entry.js ▓▓▓▓▓▓▓░░░░░░░░░ 44.0% (255/414)
Web node_modules/expo-router/entry.js ▓▓▓▓▓▓▓▓▓▓▓░░░░░ 69.6% (719/862)
Web node_modules/expo-router/entry.js ▓▓▓▓▓▓▓▓▓▓▓▓▓▓░░ 92.4% (1134/1180)
Web Bundled 12483ms node_modules/expo-router/entry.js (1304 modules)
Web node_modules/expo-router/entry.js ░░░░░░░░░░░░░░░░  0.0% (0/1)
λ Bundled 49ms node_modules/expo-router/node/render.js (1 module)
Web Bundled 878ms node_modules/expo-router/entry.js (1 module)
Web Bundled 104ms node_modules/expo-router/entry.js (1 module)
 LOG  [web] Logs will appear in the browser console
λ Bundled 94ms node_modules/expo-router/node/render.js (1 module)
Web node_modules/expo-router/entry.js ░░░░░░░░░░░░░░░░  0.0% (0/1)
Web Bundled 883ms node_modules/expo-router/entry.js (1 module)
Web node_modules/expo-router/entry.js ░░░░░░░░░░░░░░░░  0.0% (0/1)
λ Bundled 47ms node_modules/expo-router/node/render.js (1 module)
Web Bundled 470ms node_modules/expo-router/entry.js (1 module)
Web Bundled 92ms node_modules/expo-router/entry.js (1 module)
 LOG  [web] Logs will appear in the browser console
λ Bundled 63ms node_modules/expo-router/node/render.js (1 module)
Web Bundled 533ms node_modules/expo-router/entry.js (1 module)
Web node_modules/expo-router/entry.js ░░░░░░░░░░░░░░░░  0.0% (0/1)
λ Bundled 60ms node_modules/expo-router/node/render.js (1 module)
Web Bundled 602ms node_modules/expo-router/entry.js (1 module)
Web Bundled 68ms node_modules/expo-router/entry.js (1 module)
 LOG  [web] Logs will appear in the browser console
λ Bundled 58ms node_modules/expo-router/node/render.js (1 module)
Web Bundled 559ms node_modules/expo-router/entry.js (1 module)
Web node_modules/expo-router/entry.js ░░░░░░░░░░░░░░░░  0.0% (0/1)
λ Bundled 44ms node_modules/expo-router/node/render.js (1 module)
Web Bundled 478ms node_modules/expo-router/entry.js (1 module)
Web Bundled 62ms node_modules/expo-router/entry.js (1 module)
 LOG  [web] Logs will appear in the browser console
λ Bundled 64ms node_modules/expo-router/node/render.js (1 module)
Web Bundled 580ms node_modules/expo-router/entry.js (1 module)
