
> steam-app@1.2.1 web
> expo start --web

Starting project at /app
React Compiler enabled
Starting Metro Bundler
Waiting on http://localhost:8081
Logs for your project will appear below.
Web node_modules/expo-router/entry.js ░░░░░░░░░░░░░░░░  0.0% (0/1)
Web node_modules/expo-router/entry.js ▓▓▓▓▓▓▓░░░░░░░░░ 44.4% (18/40)
λ node_modules/expo-router/node/render.js ░░░░░░░░░░░░░░░░  4.7% ( 12/107)
Web node_modules/expo-router/entry.js ▓▓▓▓▓▓▓░░░░░░░░░ 44.4% ( 41/174)
λ node_modules/expo-router/node/render.js ▓▓░░░░░░░░░░░░░░ 17.6% (109/260)
Web node_modules/expo-router/entry.js ▓▓▓▓▓▓▓░░░░░░░░░ 44.4% (151/316)
λ node_modules/expo-router/node/render.js ▓▓▓░░░░░░░░░░░░░ 19.0% (125/299)
Web node_modules/expo-router/entry.js ▓▓▓▓▓▓▓░░░░░░░░░ 44.4% (271/501)
λ node_modules/expo-router/node/render.js ▓▓▓▓▓▓░░░░░░░░░░ 43.6% (299/453)
Web node_modules/expo-router/entry.js ▓▓▓▓▓▓▓░░░░░░░░░ 44.4% (368/607)
λ node_modules/expo-router/node/render.js ▓▓▓▓▓▓▓▓▓▓░░░░░░ 64.4% (415/517)
Web node_modules/expo-router/entry.js ▓▓▓▓▓▓▓░░░░░░░░░ 49.9% (513/745)
λ node_modules/expo-router/node/render.js ▓▓▓▓▓▓▓▓▓▓▓░░░░░ 71.2% (450/535)
Web node_modules/expo-router/entry.js ▓▓▓▓▓▓▓▓▓░░░░░░░ 60.7% (662/850)
λ node_modules/expo-router/node/render.js ▓▓▓▓▓▓▓▓▓▓▓░░░░░ 72.1% (527/662)
Web node_modules/expo-router/entry.js ▓▓▓▓▓▓▓▓▓▓▓▓░░░░ 80.5% ( 916/1021)
λ node_modules/expo-router/node/render.js ▓▓▓▓▓▓▓▓▓▓▓░░░░░ 72.1% (670/841)
Web node_modules/expo-router/entry.js ▓▓▓▓▓▓▓▓▓▓▓▓▓░░░ 83.5% (1022/1128)
λ node_modules/expo-router/node/render.js ▓▓▓▓▓▓▓▓▓▓▓▓░░░░ 75.2% ( 852/1003)
Web node_modules/expo-router/entry.js ▓▓▓▓▓▓▓▓▓▓▓▓▓▓░░ 88.3% (1106/1177)
λ node_modules/expo-router/node/render.js ▓▓▓▓▓▓▓▓▓▓▓▓▓░░░ 84.8% ( 979/1063)
Web Bundled 38173ms node_modules/expo-router/entry.js (1301 modules)
λ Bundled 38456ms node_modules/expo-router/node/render.js (1253 modules)
Error: Premature close
    at onclose (node:internal/streams/end-of-stream:171:30)
    at processTicksAndRejections (node:internal/process/task_queues:84:11)
Web node_modules/expo-router/entry.js ░░░░░░░░░░░░░░░░  0.0% (0/1)
λ Bundled 102ms node_modules/expo-router/node/render.js (1 module)
Web Bundled 907ms node_modules/expo-router/entry.js (1 module)
Web node_modules/expo-router/entry.js ▓▓▓▓▓▓▓░░░░░░░░░ 44.4% ( 45/182)
Web node_modules/expo-router/entry.js ▓▓▓▓▓▓▓░░░░░░░░░ 44.4% (193/368)
Web node_modules/expo-router/entry.js ▓▓▓▓▓▓▓░░░░░░░░░ 45.5% (486/724)
Web node_modules/expo-router/entry.js ▓▓▓▓▓▓▓▓▓▓░░░░░░ 65.2% (739/915)
Web node_modules/expo-router/entry.js ▓▓▓▓▓▓▓▓▓▓▓▓▓░░░ 86.4% (1000/1082)
Web Bundled 20276ms node_modules/expo-router/entry.js (1304 modules)
Web node_modules/expo-router/entry.js ▓▓▓▓▓▓▓▓▓▓▓▓▓▓▓░ 99.9% (1304/1304)
 LOG  [web] Logs will appear in the browser console
λ Bundled 134ms node_modules/expo-router/node/render.js (1 module)
Web node_modules/expo-router/entry.js ░░░░░░░░░░░░░░░░  0.0% (0/1)
Web Bundled 1191ms node_modules/expo-router/entry.js (1 module)
Web node_modules/expo-router/entry.js ░░░░░░░░░░░░░░░░  0.0% (0/1)
λ Bundled 45ms node_modules/expo-router/node/render.js (1 module)
Web Bundled 458ms node_modules/expo-router/entry.js (1 module)
Web Bundled 64ms node_modules/expo-router/entry.js (1 module)
 LOG  [web] Logs will appear in the browser console
λ Bundled 50ms node_modules/expo-router/node/render.js (1 module)
Web Bundled 550ms node_modules/expo-router/entry.js (1 module)
